main.c:116:5:main	40	static
main.c:216:6:SystemClock_Config	88	static
main.c:257:6:system_init	8	static
main.c:272:6:displayVerticalText	56	static
main.c:283:6:test_LedDebug	8	static
main.c:290:9:isButtonClear	8	static
main.c:295:9:isButtonUp	8	static
main.c:300:9:isButtonDown	8	static
main.c:305:9:isButtonLeft	8	static
main.c:310:9:isButtonRight	8	static
main.c:317:6:touchProcess	24	static
main.c:389:6:renderSnake	4	static
main.c:390:6:updateSnake	24	static
main.c:454:6:Error_Handler	4	static,ignoring_inline_asm
